
> proto-ui@ check:package-budgets <workspace>
> node scripts/analysis/package-budgets.mjs -- --json

{
  "environment": {
    "node": "v22.23.2",
    "zlib": "1.3.1-e00f703",
    "esbuild": "0.25.12",
    "platform": "darwin",
    "arch": "arm64"
  },
  "results": [
    {
      "name": "lucide/icons/x",
      "entry": "packages/prototypes/lucide/src/icons/x.ts",
      "minifiedBytes": 4669,
      "minifiedSha256": "a57c0a935611fbf8d6779954a2100377efea9afd07d8eacbc4e11ca262fd0c2e",
      "gzipBytes": 1734,
      "budget": 3000,
      "pass": true
    },
    {
      "name": "lucide root",
      "entry": "packages/prototypes/lucide/src/index.ts",
      "minifiedBytes": 4082850,
      "minifiedSha256": "b3c1de783d0da55654e474e6b9334d1d6012b9b2ff4aed12b14b70b2ae4974f5",
      "gzipBytes": 635820,
      "budget": 700000,
      "pass": true
    },
    {
      "name": "core root",
      "entry": "packages/core/src/index.ts",
      "minifiedBytes": 15514,
      "minifiedSha256": "08f0ba5dec5232d659753541c1b71fac338bb5b64e131a88cd32b0a27126309d",
      "gzipBytes": 4894,
      "budget": 6000,
      "pass": true
    },
    {
      "name": "runtime root",
      "entry": "packages/runtime/src/index.ts",
      "minifiedBytes": 239913,
      "minifiedSha256": "ac798197516a9e8629f75c4705f6eff0a0125edb9faf9b52ce0a33d8a0a1b8a7",
      "gzipBytes": 60000,
      "budget": 60000,
      "pass": true
    },
    {
      "name": "adapter-react root",
      "entry": "packages/adapters/react/src/index.ts",
      "minifiedBytes": 301206,
      "minifiedSha256": "7ae5f362c7cb20e850c0a9fb3699fd10ecff4bc97e6b12752cf396fedd47f2cf",
      "gzipBytes": 79422,
      "budget": 83000,
      "pass": true
    },
    {
      "name": "adapter-vue root",
      "entry": "packages/adapters/vue/src/index.ts",
      "minifiedBytes": 299915,
      "minifiedSha256": "53719c92eeb52b27084f7a46105d4bd950770ab4c2735d6eb08810cb29bb71bc",
      "gzipBytes": 79163,
      "budget": 82500,
      "pass": true
    },
    {
      "name": "adapter-web-component root",
      "entry": "packages/adapters/web-component/src/index.ts",
      "minifiedBytes": 313025,
      "minifiedSha256": "eee16fa150522b36f08c783ba6e4d9b1f27729b381fc370fa687bed7e38fa71e",
      "gzipBytes": 82611,
      "budget": 97000,
      "pass": true
    },
    {
      "name": "prototypes-base/button",
      "entry": "packages/prototypes/base/src/button/index.ts",
      "minifiedBytes": 12787,
      "minifiedSha256": "5304d27469dda21fc696727ec5f5a40020790d920008420fd5df7044ce79fb10",
      "gzipBytes": 3780,
      "budget": 6000,
      "pass": true
    },
    {
      "name": "prototypes-shadcn/button",
      "entry": "packages/prototypes/shadcn/src/button/index.ts",
      "minifiedBytes": 16420,
      "minifiedSha256": "d8594a1a7e3643881f5b4e898a4567104399697c9ae3bbe78440195cc3bd3efc",
      "gzipBytes": 4625,
      "budget": 7000,
      "pass": true
    }
  ],
  "diagnostics": [
    {
      "name": "consumer light-dom button",
      "entry": "scripts/analysis/fixtures/consumer-light-button.ts",
      "minifiedBytes": 329175,
      "minifiedSha256": "2ca76b9fdde317bb3086b149fd3de730cfc1e88337cbc4df6fd21a20d1e095d1",
      "gzipBytes": 86697
    },
    {
      "name": "consumer direct-shadow button",
      "entry": "scripts/analysis/fixtures/consumer-shadow-button.ts",
      "minifiedBytes": 329186,
      "minifiedSha256": "1ba17da489db653f0b411bc03d1e91c34f0a06ebb328619a18353ad392dde642",
      "gzipBytes": 86701
    }
  ]
}
