
 RUN  v2.1.9 <workspace>

Executing frozen baseline session.ts SHA-256 f8ce887c7eeae160f13ce8fdf40415caa1bd1dc52014450bace873227e432d9a
 ❯ packages/runtime/test/contract/lifecycle.session.update-epoch.v1.contract.test.ts (13 tests | 7 failed) 27ms
   × runtime contract: update ownership across view epochs (v1) > keeps the new epoch live when the old acknowledgement arrives pending 5ms
     → expected 3 to be 4 // Object.is equality
   × runtime contract: update ownership across view epochs (v1) > keeps the new epoch live when the old acknowledgement arrives queued 1ms
     → expected 3 to be 4 // Object.is equality
   × runtime contract: update ownership across view epochs (v1) > keeps the new epoch live when the old acknowledgement arrives after 1ms
     → expected 3 to be 4 // Object.is equality
   × runtime contract: update ownership across view epochs (v1) > keeps the new epoch live when the old acknowledgement arrives never 1ms
     → expected 3 to be 4 // Object.is equality
   × runtime contract: update ownership across view epochs (v1) > releases an obsolete update even when the unmounted callback throws 2ms
     → expected 3 to be 4 // Object.is equality
   × runtime contract: update ownership across view epochs (v1) > does not replay an obsolete queue when an updated callback remounts the view 2ms
     → expected 4 to be 3 // Object.is equality
   × runtime contract: update ownership across view epochs (v1) > does not clear a replacement update when an obsolete host commit throws 1ms
     → expected 3 to be 4 // Object.is equality
 ❯ packages/adapters/react/test/contract/update-epoch.v1.contract.test.ts (1 test | 1 failed) 29ms
   × contract: adapter-react / update epoch ownership (v1) > updates the replacement epoch when same-turn Activity replay supersedes a pending commit 28ms
     → expected { type: 'mount.mounted', epoch: 2 } to deeply equal { type: 'update.render', …(2) }

⎯⎯⎯⎯⎯⎯⎯ Failed Tests 8 ⎯⎯⎯⎯⎯⎯⎯

 FAIL  packages/runtime/test/contract/lifecycle.session.update-epoch.v1.contract.test.ts > runtime contract: update ownership across view epochs (v1) > keeps the new epoch live when the old acknowledgement arrives pending
 FAIL  packages/runtime/test/contract/lifecycle.session.update-epoch.v1.contract.test.ts > runtime contract: update ownership across view epochs (v1) > keeps the new epoch live when the old acknowledgement arrives queued
 FAIL  packages/runtime/test/contract/lifecycle.session.update-epoch.v1.contract.test.ts > runtime contract: update ownership across view epochs (v1) > keeps the new epoch live when the old acknowledgement arrives after
 FAIL  packages/runtime/test/contract/lifecycle.session.update-epoch.v1.contract.test.ts > runtime contract: update ownership across view epochs (v1) > keeps the new epoch live when the old acknowledgement arrives never
AssertionError: expected 3 to be 4 // Object.is equality

- Expected
+ Received

- 4
+ 3

 ❯ packages/runtime/test/contract/lifecycle.session.update-epoch.v1.contract.test.ts:95:25
     93|       if (timing === 'before') acknowledgeStale();
     94|       session.controller.update();
     95|       expect(renders()).toBe(4);
       |                         ^
     96|       expect(signals).toHaveLength(1);
     97|       if (timing === 'pending') acknowledgeStale();

⎯⎯⎯⎯⎯⎯⎯⎯⎯⎯⎯⎯⎯⎯⎯⎯⎯⎯⎯⎯⎯⎯⎯⎯[1/8]⎯

 FAIL  packages/runtime/test/contract/lifecycle.session.update-epoch.v1.contract.test.ts > runtime contract: update ownership across view epochs (v1) > releases an obsolete update even when the unmounted callback throws
AssertionError: expected 3 to be 4 // Object.is equality

- Expected
+ Received

- 4
+ 3

 ❯ packages/runtime/test/contract/lifecycle.session.update-epoch.v1.contract.test.ts:151:23
    149|     await mount();
    150|     session.controller.update();
    151|     expect(renders()).toBe(4);
       |                       ^
    152|     expect(signals).toHaveLength(1);
    153|     stale.done();

⎯⎯⎯⎯⎯⎯⎯⎯⎯⎯⎯⎯⎯⎯⎯⎯⎯⎯⎯⎯⎯⎯⎯⎯[2/8]⎯

 FAIL  packages/runtime/test/contract/lifecycle.session.update-epoch.v1.contract.test.ts > runtime contract: update ownership across view epochs (v1) > does not replay an obsolete queue when an updated callback remounts the view
AssertionError: expected 4 to be 3 // Object.is equality

- Expected
+ Received

- 3
+ 4

 ❯ packages/runtime/test/contract/lifecycle.session.update-epoch.v1.contract.test.ts:195:23
    193|     signals.shift()!.done();
    194|     expect(session.mountEpoch).toBe(2);
    195|     expect(renders()).toBe(3);
       |                       ^
    196|     expect(signals).toHaveLength(0);
    197|     await session.dispose();

⎯⎯⎯⎯⎯⎯⎯⎯⎯⎯⎯⎯⎯⎯⎯⎯⎯⎯⎯⎯⎯⎯⎯⎯[3/8]⎯

 FAIL  packages/runtime/test/contract/lifecycle.session.update-epoch.v1.contract.test.ts > runtime contract: update ownership across view epochs (v1) > does not clear a replacement update when an obsolete host commit throws
AssertionError: expected 3 to be 4 // Object.is equality

- Expected
+ Received

- 4
+ 3

 ❯ packages/runtime/test/contract/lifecycle.session.update-epoch.v1.contract.test.ts:214:23
    212|     expect(() => session.controller.update()).toThrow('old commit fail…
    213|     expect(session.mountEpoch).toBe(2);
    214|     expect(renders()).toBe(4);
       |                       ^
    215|     expect(signals).toHaveLength(1);
    216|     session.controller.update();

⎯⎯⎯⎯⎯⎯⎯⎯⎯⎯⎯⎯⎯⎯⎯⎯⎯⎯⎯⎯⎯⎯⎯⎯[4/8]⎯

 FAIL  packages/adapters/react/test/contract/update-epoch.v1.contract.test.ts > contract: adapter-react / update epoch ownership (v1) > updates the replacement epoch when same-turn Activity replay supersedes a pending commit
AssertionError: expected { type: 'mount.mounted', epoch: 2 } to deeply equal { type: 'update.render', …(2) }

- Expected
+ Received

  Object {
    "epoch": 2,
-   "revision": 2,
-   "type": "update.render",
+   "type": "mount.mounted",
  }

 ❯ packages/adapters/react/test/contract/update-epoch.v1.contract.test.ts:83:30
     81|       flushSync(() => {
     82|         update(2);
     83|         expect(trace.at(-1)).toEqual({ type: 'update.render', epoch: 2…
       |                              ^
     84|         expect(host.textContent).toBe('1');
     85|         update(3);
 ❯ Proxy.process.env.NODE_ENV.exports.flushSync node_modules/.pnpm/react-dom@19.2.6_react@19.2.6/node_modules/react-dom/cjs/react-dom.development.js:136:18
 ❯ packages/adapters/react/test/contract/update-epoch.v1.contract.test.ts:81:7

⎯⎯⎯⎯⎯⎯⎯⎯⎯⎯⎯⎯⎯⎯⎯⎯⎯⎯⎯⎯⎯⎯⎯⎯[5/8]⎯

 Test Files  2 failed (2)
      Tests  8 failed | 6 passed (14)
   Start at  22:34:26
   Duration  961ms (transform 421ms, setup 0ms, collect 951ms, tests 56ms, environment 251ms, prepare 99ms)

