
> proto-ui@ release:smoke:cli <WORKTREE>
> node scripts/release/consumer-smoke-cli.mjs

Staged 43 packages into <TEMP_ARTIFACT>

Prerequisite builds:
- public-package-build: exit code 0

- @proto.ui/cli
  stage: <TEMP_ARTIFACT>
  build exit code: 0
  build diagnostics: 0
  tarball: proto.ui-cli-0.3.0-alpha.0.tgz
- @proto.ui/core
  stage: <TEMP_ARTIFACT>
  build exit code: 0
  build diagnostics: 0
  tarball: proto.ui-core-0.3.0-alpha.0.tgz
- @proto.ui/module-base
  stage: <TEMP_ARTIFACT>
  build exit code: 0
  build diagnostics: 0
  tarball: proto.ui-module-base-0.3.0-alpha.0.tgz
- @proto.ui/module-expose
  stage: <TEMP_ARTIFACT>
  build exit code: 0
  build diagnostics: 0
  tarball: proto.ui-module-expose-0.3.0-alpha.0.tgz
- @proto.ui/module-anatomy
  stage: <TEMP_ARTIFACT>
  build exit code: 0
  build diagnostics: 0
  tarball: proto.ui-module-anatomy-0.3.0-alpha.0.tgz
- @proto.ui/module-feedback
  stage: <TEMP_ARTIFACT>
  build exit code: 0
  build diagnostics: 0
  tarball: proto.ui-module-feedback-0.3.0-alpha.0.tgz
- @proto.ui/module-positioning
  stage: <TEMP_ARTIFACT>
  build exit code: 0
  build diagnostics: 0
  tarball: proto.ui-module-positioning-0.3.0-alpha.0.tgz
- @proto.ui/prototypes-lucide
  stage: <TEMP_ARTIFACT>
  build exit code: 0
  build diagnostics: 0
  tarball: proto.ui-prototypes-lucide-0.3.0-alpha.0.tgz
- @proto.ui/types
  stage: <TEMP_ARTIFACT>
  build exit code: 0
  build diagnostics: 0
  tarball: proto.ui-types-0.3.0-alpha.0.tgz
- @proto.ui/module-collection
  stage: <TEMP_ARTIFACT>
  build exit code: 0
  build diagnostics: 0
  tarball: proto.ui-module-collection-0.3.0-alpha.0.tgz
- @proto.ui/hooks
  stage: <TEMP_ARTIFACT>
  build exit code: 0
  build diagnostics: 0
  tarball: proto.ui-hooks-0.3.0-alpha.0.tgz
- @proto.ui/module-context
  stage: <TEMP_ARTIFACT>
  build exit code: 0
  build diagnostics: 0
  tarball: proto.ui-module-context-0.3.0-alpha.0.tgz
- @proto.ui/module-expose-event
  stage: <TEMP_ARTIFACT>
  build exit code: 0
  build diagnostics: 0
  tarball: proto.ui-module-expose-event-0.3.0-alpha.0.tgz
- @proto.ui/module-event
  stage: <TEMP_ARTIFACT>
  build exit code: 0
  build diagnostics: 0
  tarball: proto.ui-module-event-0.3.0-alpha.0.tgz
- @proto.ui/module-as-trigger
  stage: <TEMP_ARTIFACT>
  build exit code: 0
  build diagnostics: 0
  tarball: proto.ui-module-as-trigger-0.3.0-alpha.0.tgz
- @proto.ui/module-boundary
  stage: <TEMP_ARTIFACT>
  build exit code: 0
  build diagnostics: 0
  tarball: proto.ui-module-boundary-0.3.0-alpha.0.tgz
- @proto.ui/module-hit-participation
  stage: <TEMP_ARTIFACT>
  build exit code: 0
  build diagnostics: 0
  tarball: proto.ui-module-hit-participation-0.3.0-alpha.0.tgz
- @proto.ui/module-image-view
  stage: <TEMP_ARTIFACT>
  build exit code: 0
  build diagnostics: 0
  tarball: proto.ui-module-image-view-0.3.0-alpha.0.tgz
- @proto.ui/module-overlay
  stage: <TEMP_ARTIFACT>
  build exit code: 0
  build diagnostics: 0
  tarball: proto.ui-module-overlay-0.3.0-alpha.0.tgz
- @proto.ui/module-presence
  stage: <TEMP_ARTIFACT>
  build exit code: 0
  build diagnostics: 0
  tarball: proto.ui-module-presence-0.3.0-alpha.0.tgz
- @proto.ui/module-props
  stage: <TEMP_ARTIFACT>
  build exit code: 0
  build diagnostics: 0
  tarball: proto.ui-module-props-0.3.0-alpha.0.tgz
- @proto.ui/module-state
  stage: <TEMP_ARTIFACT>
  build exit code: 0
  build diagnostics: 0
  tarball: proto.ui-module-state-0.3.0-alpha.0.tgz
- @proto.ui/module-a11y
  stage: <TEMP_ARTIFACT>
  build exit code: 0
  build diagnostics: 0
  tarball: proto.ui-module-a11y-0.3.0-alpha.0.tgz
- @proto.ui/module-expose-state
  stage: <TEMP_ARTIFACT>
  build exit code: 0
  build diagnostics: 0
  tarball: proto.ui-module-expose-state-0.3.0-alpha.0.tgz
- @proto.ui/module-expose-state-web
  stage: <TEMP_ARTIFACT>
  build exit code: 0
  build diagnostics: 0
  tarball: proto.ui-module-expose-state-web-0.3.0-alpha.0.tgz
- @proto.ui/module-focus
  stage: <TEMP_ARTIFACT>
  build exit code: 0
  build diagnostics: 0
  tarball: proto.ui-module-focus-0.3.0-alpha.0.tgz
- @proto.ui/module-rule
  stage: <TEMP_ARTIFACT>
  build exit code: 0
  build diagnostics: 0
  tarball: proto.ui-module-rule-0.3.0-alpha.0.tgz
- @proto.ui/module-rule-expose-state-web
  stage: <TEMP_ARTIFACT>
  build exit code: 0
  build diagnostics: 0
  tarball: proto.ui-module-rule-expose-state-web-0.3.0-alpha.0.tgz
- @proto.ui/module-rule-meta
  stage: <TEMP_ARTIFACT>
  build exit code: 0
  build diagnostics: 0
  tarball: proto.ui-module-rule-meta-0.3.0-alpha.0.tgz
- @proto.ui/module-scroll
  stage: <TEMP_ARTIFACT>
  build exit code: 0
  build diagnostics: 0
  tarball: proto.ui-module-scroll-0.3.0-alpha.0.tgz
- @proto.ui/module-state-accessibility
  stage: <TEMP_ARTIFACT>
  build exit code: 0
  build diagnostics: 0
  tarball: proto.ui-module-state-accessibility-0.3.0-alpha.0.tgz
- @proto.ui/module-state-interaction
  stage: <TEMP_ARTIFACT>
  build exit code: 0
  build diagnostics: 0
  tarball: proto.ui-module-state-interaction-0.3.0-alpha.0.tgz
- @proto.ui/module-test-sys
  stage: <TEMP_ARTIFACT>
  build exit code: 0
  build diagnostics: 0
  tarball: proto.ui-module-test-sys-0.3.0-alpha.0.tgz
- @proto.ui/module-text-control
  stage: <TEMP_ARTIFACT>
  build exit code: 0
  build diagnostics: 0
  tarball: proto.ui-module-text-control-0.3.0-alpha.0.tgz
- @proto.ui/prototypes-base
  stage: <TEMP_ARTIFACT>
  build exit code: 0
  build diagnostics: 0
  tarball: proto.ui-prototypes-base-0.3.0-alpha.0.tgz
- @proto.ui/prototypes-brutalist
  stage: <TEMP_ARTIFACT>
  build exit code: 0
  build diagnostics: 0
  tarball: proto.ui-prototypes-brutalist-0.3.0-alpha.0.tgz
- @proto.ui/prototypes-shadcn
  stage: <TEMP_ARTIFACT>
  build exit code: 0
  build diagnostics: 0
  tarball: proto.ui-prototypes-shadcn-0.3.0-alpha.0.tgz
- @proto.ui/runtime
  stage: <TEMP_ARTIFACT>
  build exit code: 0
  build diagnostics: 0
  tarball: proto.ui-runtime-0.3.0-alpha.0.tgz
- @proto.ui/adapter-base
  stage: <TEMP_ARTIFACT>
  build exit code: 0
  build diagnostics: 0
  tarball: proto.ui-adapter-base-0.3.0-alpha.0.tgz
- @proto.ui/adapter-react
  stage: <TEMP_ARTIFACT>
  build exit code: 0
  build diagnostics: 0
  tarball: proto.ui-adapter-react-0.3.0-alpha.0.tgz
- @proto.ui/adapter-vue
  stage: <TEMP_ARTIFACT>
  build exit code: 0
  build diagnostics: 0
  tarball: proto.ui-adapter-vue-0.3.0-alpha.0.tgz
- @proto.ui/adapter-vue2
  stage: <TEMP_ARTIFACT>
  build exit code: 0
  build diagnostics: 0
  tarball: proto.ui-adapter-vue2-0.3.0-alpha.0.tgz
- @proto.ui/adapter-web-component
  stage: <TEMP_ARTIFACT>
  build exit code: 0
  build diagnostics: 0
  tarball: proto.ui-adapter-web-component-0.3.0-alpha.0.tgz

Next step from repo root: cd <WORKTREE>
npm warn Unknown env config "npm-globalconfig". This will stop working in the next major version of npm. See `npm help npmrc` for supported config options.
npm warn Unknown env config "verify-deps-before-run". This will stop working in the next major version of npm. See `npm help npmrc` for supported config options.
npm warn Unknown env config "package-manager-strict". This will stop working in the next major version of npm. See `npm help npmrc` for supported config options.
npm warn Unknown env config "_jsr-registry". This will stop working in the next major version of npm. See `npm help npmrc` for supported config options.
npm warn Unknown env config "manage-package-manager-versions". This will stop working in the next major version of npm. See `npm help npmrc` for supported config options.

added 88 packages in 4s
[proto-ui] init: wrote proto-ui/config.json
[proto-ui] init: ensured proto-ui/components, proto-ui/adapters, proto-ui/prototypes
[proto-ui] tokens(preset): wrote src/styles/proto-ui-tokens.generated.css
[proto-ui] theme(shadcn): wrote src/styles/shadcn-theme.css
[proto-ui] style: wrote src/styles/proto-ui-style.css
[proto-ui] setup(shadcn): completed tokens + theme + proto-ui style in ./src/styles
[proto-ui] add: generated proto-ui/components for react/shadcn-button
[proto-ui] add: generated proto-ui/components for react/base-button
[proto-ui] add: generated proto-ui/components for react/base-image
[proto-ui] add: generated proto-ui/components for react/shadcn-switch
[proto-ui] add: generated proto-ui/components for react/shadcn-dialog
[proto-ui] add: generated proto-ui/components for vue/shadcn-button
[proto-ui] add: generated proto-ui/components for vue/base-image
[proto-ui] add: generated proto-ui/components for vue/shadcn-switch
[proto-ui] add: generated proto-ui/components for vue/shadcn-dialog
[proto-ui] add: generated proto-ui/components for wc/shadcn-button
[proto-ui] add: generated proto-ui/components for wc/base-image
[proto-ui] add: generated proto-ui/components for wc/shadcn-switch
[proto-ui] add: generated proto-ui/components for wc/shadcn-dialog
react smoke ok | shadcn=586B base=134B + Base Image
[Vue warn]: Non-function value encountered for default slot. Prefer function slots for better performance.
  at <Proto(shadcnSwitchRoot) defaultChecked=true class="consumer-switch" ref=Ref< null > >
  at <ShadcnSwitch defaultChecked=true class="consumer-switch" >
  at <App>
[Vue warn]: Non-function value encountered for default slot. Prefer function slots for better performance.
  at <Proto(shadcnDialogContent) class="consumer-dialog-content" ref=Ref< null > >
  at <ShadcnDialogContent class="consumer-dialog-content" >
  at <Proto(shadcnDialogRoot) defaultOpen=true >
  at <App>
vue smoke ok | Button + Switch preset + Dialog CloseIcon preset + Base Image
wc smoke ok | Button + Switch preset + Dialog CloseIcon preset + Base Image, instance tagName=PROTO-UI-SHADCN-BUTTON
release consumer smoke: cli ok (40/43 packed packages consumed)
