vite v6.4.1 building for production...
transforming...
✓ 377 modules transformed.
rendering chunks...
computing gzip size...
dist-radio-browser/index.html                                    0.46 kB │ gzip:  0.33 kB
dist-radio-browser/assets/index-C1sLaggR.css                    42.14 kB │ gzip:  4.97 kB
dist-radio-browser/assets/index-DAEjFY0e.js                      0.56 kB │ gzip:  0.38 kB
dist-radio-browser/assets/index-C8n-fy7C.js                      2.54 kB │ gzip:  0.80 kB
dist-radio-browser/assets/index-C0uGIA9h.js                      5.06 kB │ gzip:  1.98 kB
dist-radio-browser/assets/index-ECSWE-03.js                      7.83 kB │ gzip:  3.04 kB
dist-radio-browser/assets/index-oXrWis-y.js                     14.06 kB │ gzip:  5.71 kB
dist-radio-browser/assets/index-CGe0ItLa.js                     15.92 kB │ gzip:  6.13 kB
dist-radio-browser/assets/index-DhZKly1P.js                     26.50 kB │ gzip:  8.98 kB
dist-radio-browser/assets/thumb.proto-GGqRscCJ.js               52.81 kB │ gzip: 13.37 kB
dist-radio-browser/assets/vue.runtime.esm-bundler-BMUNd1oX.js  120.47 kB │ gzip: 47.23 kB
dist-radio-browser/assets/client-MuDbA7SL.js                   185.29 kB │ gzip: 57.98 kB
dist-radio-browser/assets/focus-entry-DcxM5qkj.js              285.45 kB │ gzip: 75.65 kB
✓ built in 866ms
{
  "wc": {
    "initial": {
      "runtime": "wc",
      "groupLabel": "Packed Radio Group",
      "count": 3,
      "checked": [
        "false",
        "true",
        "false"
      ],
      "tabIndex": [
        0,
        -1,
        -1
      ],
      "svgCounts": [
        1,
        1,
        0
      ],
      "dotOpacity": [
        "0",
        "1"
      ],
      "disabled": [
        "false",
        "false",
        "true"
      ]
    },
    "updated": {
      "runtime": "wc",
      "groupLabel": "Packed Radio Group",
      "count": 3,
      "checked": [
        "true",
        "false",
        "false"
      ],
      "tabIndex": [
        0,
        -1,
        -1
      ],
      "svgCounts": [
        1,
        1,
        0
      ],
      "dotOpacity": [
        "1",
        "0"
      ],
      "disabled": [
        "false",
        "false",
        "true"
      ]
    },
    "errors": []
  },
  "react": {
    "initial": {
      "runtime": "react",
      "groupLabel": "Packed Radio Group",
      "count": 3,
      "checked": [
        "false",
        "true",
        "false"
      ],
      "tabIndex": [
        0,
        -1,
        -1
      ],
      "svgCounts": [
        1,
        1,
        0
      ],
      "dotOpacity": [
        "0",
        "1"
      ],
      "disabled": [
        "false",
        "false",
        "true"
      ]
    },
    "updated": {
      "runtime": "react",
      "groupLabel": "Packed Radio Group",
      "count": 3,
      "checked": [
        "true",
        "false",
        "false"
      ],
      "tabIndex": [
        0,
        -1,
        -1
      ],
      "svgCounts": [
        1,
        1,
        0
      ],
      "dotOpacity": [
        "1",
        "0"
      ],
      "disabled": [
        "false",
        "false",
        "true"
      ]
    },
    "errors": []
  },
  "vue": {
    "initial": {
      "runtime": "vue",
      "groupLabel": "Packed Radio Group",
      "count": 3,
      "checked": [
        "false",
        "true",
        "false"
      ],
      "tabIndex": [
        0,
        -1,
        -1
      ],
      "svgCounts": [
        1,
        1,
        0
      ],
      "dotOpacity": [
        "0",
        "1"
      ],
      "disabled": [
        "false",
        "false",
        "true"
      ]
    },
    "updated": {
      "runtime": "vue",
      "groupLabel": "Packed Radio Group",
      "count": 3,
      "checked": [
        "true",
        "false",
        "false"
      ],
      "tabIndex": [
        0,
        -1,
        -1
      ],
      "svgCounts": [
        1,
        1,
        0
      ],
      "dotOpacity": [
        "1",
        "0"
      ],
      "disabled": [
        "false",
        "false",
        "true"
      ]
    },
    "errors": []
  },
  "browser": "153.0.8010.48",
  "scope": "Real Chromium serves the Vite production build in WC/React/Vue using installed tarballs and unedited CLI facades; WC retains the detached construction order. Initial-entry acceptance remains separate."
}
